TOKEN: LPAREN    LEXEME: (
TOKEN: MULT      LEXEME: *
ARITH_OP -> *
BIN_OP -> ARITH_OP
TOKEN: STRCONST  LEXEME: "Hello"
CONST -> STRCONST
EXPR -> CONST
TOKEN: INTCONST  LEXEME: 5
CONST -> INTCONST
EXPR -> CONST
ARITHLOGIC_EXPR -> BIN_OP EXPR EXPR
Line 1: Arg 1 must be integer
