TOKEN: LPAREN    LEXEME: (
TOKEN: DIV       LEXEME: /
ARITH_OP -> /
BIN_OP -> ARITH_OP
TOKEN: INTCONST  LEXEME: 5
CONST -> INTCONST
EXPR -> CONST
TOKEN: NIL       LEXEME: nil
CONST -> nil
EXPR -> CONST
ARITHLOGIC_EXPR -> BIN_OP EXPR EXPR
Line 1: Arg 2 must be integer
