TOKEN: LPAREN    LEXEME: (
TOKEN: SUB       LEXEME: -
ARITH_OP -> -
BIN_OP -> ARITH_OP
TOKEN: INTCONST  LEXEME: 100
CONST -> INTCONST
EXPR -> CONST
TOKEN: STRCONST  LEXEME: "Hello"
CONST -> STRCONST
EXPR -> CONST
ARITHLOGIC_EXPR -> BIN_OP EXPR EXPR
Line 1: Arg 2 must be integer
