TOKEN: LPAREN    LEXEME: (
TOKEN: IF        LEXEME: if
TOKEN: INTCONST  LEXEME: 0
CONST -> INTCONST
EXPR -> CONST
TOKEN: INTCONST  LEXEME: 1
CONST -> INTCONST
EXPR -> CONST
TOKEN: LPAREN    LEXEME: (
TOKEN: INPUT     LEXEME: input
INPUT_EXPR -> input
PARENTHESIZED_EXPR -> INPUT_EXPR
TOKEN: RPAREN    LEXEME: )
EXPR -> ( PARENTHESIZED_EXPR )
IF_EXPR -> if EXPR EXPR EXPR
PARENTHESIZED_EXPR -> IF_EXPR
TOKEN: RPAREN    LEXEME: )
EXPR -> ( PARENTHESIZED_EXPR )
START -> EXPR

---- Completed parsing ----

