TOKEN: LPAREN    LEXEME: (
TOKEN: IF        LEXEME: if
TOKEN: INTCONST  LEXEME: 0
CONST -> INTCONST
EXPR -> CONST
TOKEN: INTCONST  LEXEME: 1
CONST -> INTCONST
EXPR -> CONST
TOKEN: INTCONST  LEXEME: 2
CONST -> INTCONST
EXPR -> CONST
IF_EXPR -> if EXPR EXPR EXPR
PARENTHESIZED_EXPR -> IF_EXPR
TOKEN: RPAREN    LEXEME: )
EXPR -> ( PARENTHESIZED_EXPR )
START -> EXPR

---- Completed parsing ----

