TOKEN: LPAREN    LEXEME: (
TOKEN: LPAREN    LEXEME: (
TOKEN: LAMBDA    LEXEME: lambda

___Entering new scope...

TOKEN: LPAREN    LEXEME: (
ID_LIST -> epsilon
TOKEN: IDENT     LEXEME: x
ID_LIST -> ID_LIST IDENT
___Adding x to symbol table
TOKEN: IDENT     LEXEME: y
ID_LIST -> ID_LIST IDENT
___Adding y to symbol table
TOKEN: RPAREN    LEXEME: )
TOKEN: LPAREN    LEXEME: (
TOKEN: DIV       LEXEME: /
ARITH_OP -> /
BIN_OP -> ARITH_OP
TOKEN: IDENT     LEXEME: x
EXPR -> IDENT
TOKEN: IDENT     LEXEME: y
EXPR -> IDENT
ARITHLOGIC_EXPR -> BIN_OP EXPR EXPR
PARENTHESIZED_EXPR -> ARITHLOGIC_EXPR
TOKEN: RPAREN    LEXEME: )
EXPR -> ( PARENTHESIZED_EXPR )
LAMBDA_EXPR -> lambda ( ID_LIST ) EXPR

___Exiting scope...

PARENTHESIZED_EXPR -> LAMBDA_EXPR
TOKEN: RPAREN    LEXEME: )
EXPR -> ( PARENTHESIZED_EXPR )
TOKEN: INTCONST  LEXEME: 10
CONST -> INTCONST
EXPR -> CONST
TOKEN: INTCONST  LEXEME: 0
CONST -> INTCONST
EXPR -> CONST
TOKEN: RPAREN    LEXEME: )
EXPR_LIST -> EXPR
EXPR_LIST -> EXPR EXPR_LIST
EXPR_LIST -> EXPR EXPR_LIST
PARENTHESIZED_EXPR -> EXPR_LIST
EXPR -> ( PARENTHESIZED_EXPR )
START -> EXPR

---- Completed parsing ----

