TOKEN: LPAREN    LEXEME: (
TOKEN: LPAREN    LEXEME: (
TOKEN: LAMBDA    LEXEME: lambda

___Entering new scope...

TOKEN: LPAREN    LEXEME: (
ID_LIST -> epsilon
TOKEN: RPAREN    LEXEME: )
TOKEN: LPAREN    LEXEME: (
TOKEN: PRINT     LEXEME: print
TOKEN: LPAREN    LEXEME: (
TOKEN: INPUT     LEXEME: input
INPUT_EXPR -> input
PARENTHESIZED_EXPR -> INPUT_EXPR
TOKEN: RPAREN    LEXEME: )
EXPR -> ( PARENTHESIZED_EXPR )
PRINT_EXPR -> print EXPR
PARENTHESIZED_EXPR -> PRINT_EXPR
TOKEN: RPAREN    LEXEME: )
EXPR -> ( PARENTHESIZED_EXPR )
LAMBDA_EXPR -> lambda ( ID_LIST ) EXPR

___Exiting scope...

PARENTHESIZED_EXPR -> LAMBDA_EXPR
TOKEN: RPAREN    LEXEME: )
EXPR -> ( PARENTHESIZED_EXPR )
TOKEN: RPAREN    LEXEME: )
EXPR_LIST -> EXPR
PARENTHESIZED_EXPR -> EXPR_LIST
EXPR -> ( PARENTHESIZED_EXPR )
START -> EXPR

---- Completed parsing ----

