TOKEN: LPAREN    LEXEME: (
TOKEN: LETSTAR   LEXEME: let*

___Entering new scope...

TOKEN: LPAREN    LEXEME: (
ID_EXPR_LIST -> epsilon
TOKEN: RPAREN    LEXEME: )
TOKEN: LPAREN    LEXEME: (
TOKEN: INPUT     LEXEME: input
INPUT_EXPR -> input
PARENTHESIZED_EXPR -> INPUT_EXPR
TOKEN: RPAREN    LEXEME: )
EXPR -> ( PARENTHESIZED_EXPR )
LET_EXPR -> let* ( ID_EXPR_LIST ) EXPR

___Exiting scope...

PARENTHESIZED_EXPR -> LET_EXPR
TOKEN: RPAREN    LEXEME: )
EXPR -> ( PARENTHESIZED_EXPR )
START -> EXPR

---- Completed parsing ----

