TOKEN: LPAREN    LEXEME: (
TOKEN: LETSTAR   LEXEME: let*

___Entering new scope...

TOKEN: LPAREN    LEXEME: (
ID_EXPR_LIST -> epsilon
TOKEN: LPAREN    LEXEME: (
TOKEN: IDENT     LEXEME: s
TOKEN: STRCONST  LEXEME: "kitty paws"
CONST -> STRCONST
EXPR -> CONST
TOKEN: RPAREN    LEXEME: )
ID_EXPR_LIST -> ID_EXPR_LIST ( IDENT EXPR )
___Adding s to symbol table
TOKEN: RPAREN    LEXEME: )
TOKEN: IDENT     LEXEME: s
EXPR -> IDENT
LET_EXPR -> let* ( ID_EXPR_LIST ) EXPR

___Exiting scope...

PARENTHESIZED_EXPR -> LET_EXPR
TOKEN: RPAREN    LEXEME: )
EXPR -> ( PARENTHESIZED_EXPR )
START -> EXPR

---- Completed parsing ----

