TOKEN: LPAREN    LEXEME: (
TOKEN: OR        LEXEME: or
LOG_OP -> or
BIN_OP -> LOG_OP
TOKEN: STRCONST  LEXEME: "one"
CONST -> STRCONST
EXPR -> CONST
TOKEN: STRCONST  LEXEME: "two"
CONST -> STRCONST
EXPR -> CONST
ARITHLOGIC_EXPR -> BIN_OP EXPR EXPR
PARENTHESIZED_EXPR -> ARITHLOGIC_EXPR
TOKEN: RPAREN    LEXEME: )
EXPR -> ( PARENTHESIZED_EXPR )
START -> EXPR

---- Completed parsing ----

