TOKEN: LPAREN    LEXEME: (
TOKEN: AND       LEXEME: and
LOG_OP -> and
BIN_OP -> LOG_OP
TOKEN: INTCONST  LEXEME: 1
CONST -> INTCONST
EXPR -> CONST
TOKEN: INTCONST  LEXEME: 2
CONST -> INTCONST
EXPR -> CONST
ARITHLOGIC_EXPR -> BIN_OP EXPR EXPR
PARENTHESIZED_EXPR -> ARITHLOGIC_EXPR
TOKEN: RPAREN    LEXEME: )
EXPR -> ( PARENTHESIZED_EXPR )
START -> EXPR

---- Completed parsing ----

