TOKEN: LPAREN    LEXEME: (
TOKEN: AND       LEXEME: and
LOG_OP -> and
BIN_OP -> LOG_OP
TOKEN: STRCONST  LEXEME: "one"
CONST -> STRCONST
EXPR -> CONST
TOKEN: T         LEXEME: t
CONST -> t
EXPR -> CONST
ARITHLOGIC_EXPR -> BIN_OP EXPR EXPR
PARENTHESIZED_EXPR -> ARITHLOGIC_EXPR
TOKEN: RPAREN    LEXEME: )
EXPR -> ( PARENTHESIZED_EXPR )
START -> EXPR

---- Completed parsing ----

