TOKEN: LPAREN    LEXEME: (
TOKEN: PRINT     LEXEME: print
TOKEN: NIL       LEXEME: nil
CONST -> nil
EXPR -> CONST
PRINT_EXPR -> print EXPR
PARENTHESIZED_EXPR -> PRINT_EXPR
TOKEN: RPAREN    LEXEME: )
EXPR -> ( PARENTHESIZED_EXPR )
START -> EXPR

---- Completed parsing ----

