TOKEN: LPAREN    LEXEME: (
TOKEN: PRINT     LEXEME: print
TOKEN: INTCONST  LEXEME: -1234567890
CONST -> INTCONST
EXPR -> CONST
PRINT_EXPR -> print EXPR
PARENTHESIZED_EXPR -> PRINT_EXPR
TOKEN: RPAREN    LEXEME: )
EXPR -> ( PARENTHESIZED_EXPR )
START -> EXPR

---- Completed parsing ----

