TOKEN: LPAREN    LEXEME: (
TOKEN: LPAREN    LEXEME: (
TOKEN: GT        LEXEME: >
REL_OP -> >
BIN_OP -> REL_OP
TOKEN: STRCONST  LEXEME: "5"
CONST -> STRCONST
EXPR -> CONST
TOKEN: STRCONST  LEXEME: "6"
CONST -> STRCONST
EXPR -> CONST
ARITHLOGIC_EXPR -> BIN_OP EXPR EXPR
PARENTHESIZED_EXPR -> ARITHLOGIC_EXPR
TOKEN: RPAREN    LEXEME: )
EXPR -> ( PARENTHESIZED_EXPR )
TOKEN: LPAREN    LEXEME: (
TOKEN: GE        LEXEME: >=
REL_OP -> >=
BIN_OP -> REL_OP
TOKEN: STRCONST  LEXEME: "5"
CONST -> STRCONST
EXPR -> CONST
TOKEN: STRCONST  LEXEME: "6"
CONST -> STRCONST
EXPR -> CONST
ARITHLOGIC_EXPR -> BIN_OP EXPR EXPR
PARENTHESIZED_EXPR -> ARITHLOGIC_EXPR
TOKEN: RPAREN    LEXEME: )
EXPR -> ( PARENTHESIZED_EXPR )
TOKEN: LPAREN    LEXEME: (
TOKEN: LT        LEXEME: <
REL_OP -> <
BIN_OP -> REL_OP
TOKEN: STRCONST  LEXEME: "5"
CONST -> STRCONST
EXPR -> CONST
TOKEN: STRCONST  LEXEME: "6"
CONST -> STRCONST
EXPR -> CONST
ARITHLOGIC_EXPR -> BIN_OP EXPR EXPR
PARENTHESIZED_EXPR -> ARITHLOGIC_EXPR
TOKEN: RPAREN    LEXEME: )
EXPR -> ( PARENTHESIZED_EXPR )
TOKEN: LPAREN    LEXEME: (
TOKEN: LE        LEXEME: <=
REL_OP -> <=
BIN_OP -> REL_OP
TOKEN: STRCONST  LEXEME: "5"
CONST -> STRCONST
EXPR -> CONST
TOKEN: STRCONST  LEXEME: "6"
CONST -> STRCONST
EXPR -> CONST
ARITHLOGIC_EXPR -> BIN_OP EXPR EXPR
PARENTHESIZED_EXPR -> ARITHLOGIC_EXPR
TOKEN: RPAREN    LEXEME: )
EXPR -> ( PARENTHESIZED_EXPR )
TOKEN: LPAREN    LEXEME: (
TOKEN: EQ        LEXEME: =
REL_OP -> =
BIN_OP -> REL_OP
TOKEN: STRCONST  LEXEME: "5"
CONST -> STRCONST
EXPR -> CONST
TOKEN: STRCONST  LEXEME: "6"
CONST -> STRCONST
EXPR -> CONST
ARITHLOGIC_EXPR -> BIN_OP EXPR EXPR
PARENTHESIZED_EXPR -> ARITHLOGIC_EXPR
TOKEN: RPAREN    LEXEME: )
EXPR -> ( PARENTHESIZED_EXPR )
TOKEN: LPAREN    LEXEME: (
TOKEN: NE        LEXEME: /=
REL_OP -> /=
BIN_OP -> REL_OP
TOKEN: STRCONST  LEXEME: "5"
CONST -> STRCONST
EXPR -> CONST
TOKEN: STRCONST  LEXEME: "6"
CONST -> STRCONST
EXPR -> CONST
ARITHLOGIC_EXPR -> BIN_OP EXPR EXPR
PARENTHESIZED_EXPR -> ARITHLOGIC_EXPR
TOKEN: RPAREN    LEXEME: )
EXPR -> ( PARENTHESIZED_EXPR )
TOKEN: RPAREN    LEXEME: )
EXPR_LIST -> EXPR
EXPR_LIST -> EXPR EXPR_LIST
EXPR_LIST -> EXPR EXPR_LIST
EXPR_LIST -> EXPR EXPR_LIST
EXPR_LIST -> EXPR EXPR_LIST
EXPR_LIST -> EXPR EXPR_LIST
PARENTHESIZED_EXPR -> EXPR_LIST
EXPR -> ( PARENTHESIZED_EXPR )
START -> EXPR

---- Completed parsing ----

