TOKEN: LPAREN    LEXEME: (
TOKEN: EQ        LEXEME: =
REL_OP -> =
BIN_OP -> REL_OP
TOKEN: INTCONST  LEXEME: 0
CONST -> INTCONST
EXPR -> CONST
TOKEN: NIL       LEXEME: nil
CONST -> nil
EXPR -> CONST
ARITHLOGIC_EXPR -> BIN_OP EXPR EXPR
Line 1: Arg 2 must be integer or string
