TOKEN: LPAREN    LEXEME: (
TOKEN: GE        LEXEME: >=
REL_OP -> >=
BIN_OP -> REL_OP
TOKEN: LPAREN    LEXEME: (
TOKEN: LAMBDA    LEXEME: lambda

___Entering new scope...

TOKEN: LPAREN    LEXEME: (
ID_LIST -> epsilon
TOKEN: RPAREN    LEXEME: )
TOKEN: INTCONST  LEXEME: 1
CONST -> INTCONST
EXPR -> CONST
LAMBDA_EXPR -> lambda ( ID_LIST ) EXPR

___Exiting scope...

PARENTHESIZED_EXPR -> LAMBDA_EXPR
TOKEN: RPAREN    LEXEME: )
EXPR -> ( PARENTHESIZED_EXPR )
TOKEN: INTCONST  LEXEME: 1
CONST -> INTCONST
EXPR -> CONST
ARITHLOGIC_EXPR -> BIN_OP EXPR EXPR
Line 1: Arg 1 must be integer or string
