TOKEN: IDENT     LEXEME: PK
EXPR -> IDENT
Line 1: Undefined identifier
